// Jest Snapshot v1, https://goo.gl/fbAQLP

exports[`SideNav Snapshot 0 should match 1`] = `undefined`;
