// Jest Snapshot v1, https://goo.gl/fbAQLP

exports[`SideNav Snapshot 0 should match 1`] = `
ShallowWrapper {
  "length": 1,
  Symbol(enzyme.__root__): [Circular],
  Symbol(enzyme.__unrendered__): <SideNav
    className={undefined}
    items={
      Array [
        Object {
          "Component": <div>
            test
          </div>,
          "icon": Array [],
          "id": "some_id",
          "label": "Label",
        },
        Object {
          "Component": <div>
            The fuck
          </div>,
          "icon": Array [],
          "id": "slug",
          "label": "Test",
        },
      ]
    }
    zIndex={1000000}
  />,
  Symbol(enzyme.__renderer__): Object {
    "batchedUpdates": [Function],
    "getNode": [Function],
    "render": [Function],
    "simulateEvent": [Function],
    "unmount": [Function],
  },
  Symbol(enzyme.__node__): Object {
    "instance": null,
    "key": undefined,
    "nodeType": "host",
    "props": Object {
      "children": Array [
        <Scroll
          hash=""
          ids={
            Array [
              "some_id",
              "slug",
            ]
          }
          onHashChange={[Function]}
        />,
        Array [
          <Item
            Component={
              <div>
                test
              </div>
            }
            activeColor="#00c3ff"
            className={undefined}
            defaultColor="#323c50"
            hash=""
            icon={Array []}
            id="some_id"
            label="Label"
            onHashChange={[Function]}
            textColor="white"
          />,
          <Item
            Component={
              <div>
                The fuck
              </div>
            }
            activeColor="#00c3ff"
            className={undefined}
            defaultColor="#323c50"
            hash=""
            icon={Array []}
            id="slug"
            label="Test"
            onHashChange={[Function]}
            textColor="white"
          />,
        ],
      ],
      "className": undefined,
      "style": Object {
        "zIndex": 1000000,
      },
    },
    "ref": null,
    "rendered": Array [
      Object {
        "instance": null,
        "key": undefined,
        "nodeType": "class",
        "props": Object {
          "hash": "",
          "ids": Array [
            "some_id",
            "slug",
          ],
          "onHashChange": [Function],
        },
        "ref": null,
        "rendered": null,
        "type": [Function],
      },
      Object {
        "instance": null,
        "key": "0",
        "nodeType": "class",
        "props": Object {
          "Component": <div>
            test
          </div>,
          "activeColor": "#00c3ff",
          "className": undefined,
          "defaultColor": "#323c50",
          "hash": "",
          "icon": Array [],
          "id": "some_id",
          "label": "Label",
          "onHashChange": [Function],
          "textColor": "white",
        },
        "ref": null,
        "rendered": null,
        "type": [Function],
      },
      Object {
        "instance": null,
        "key": "1",
        "nodeType": "class",
        "props": Object {
          "Component": <div>
            The fuck
          </div>,
          "activeColor": "#00c3ff",
          "className": undefined,
          "defaultColor": "#323c50",
          "hash": "",
          "icon": Array [],
          "id": "slug",
          "label": "Test",
          "onHashChange": [Function],
          "textColor": "white",
        },
        "ref": null,
        "rendered": null,
        "type": [Function],
      },
    ],
    "type": "div",
  },
  Symbol(enzyme.__nodes__): Array [
    Object {
      "instance": null,
      "key": undefined,
      "nodeType": "host",
      "props": Object {
        "children": Array [
          <Scroll
            hash=""
            ids={
              Array [
                "some_id",
                "slug",
              ]
            }
            onHashChange={[Function]}
          />,
          Array [
            <Item
              Component={
                <div>
                  test
                </div>
              }
              activeColor="#00c3ff"
              className={undefined}
              defaultColor="#323c50"
              hash=""
              icon={Array []}
              id="some_id"
              label="Label"
              onHashChange={[Function]}
              textColor="white"
            />,
            <Item
              Component={
                <div>
                  The fuck
                </div>
              }
              activeColor="#00c3ff"
              className={undefined}
              defaultColor="#323c50"
              hash=""
              icon={Array []}
              id="slug"
              label="Test"
              onHashChange={[Function]}
              textColor="white"
            />,
          ],
        ],
        "className": undefined,
        "style": Object {
          "zIndex": 1000000,
        },
      },
      "ref": null,
      "rendered": Array [
        Object {
          "instance": null,
          "key": undefined,
          "nodeType": "class",
          "props": Object {
            "hash": "",
            "ids": Array [
              "some_id",
              "slug",
            ],
            "onHashChange": [Function],
          },
          "ref": null,
          "rendered": null,
          "type": [Function],
        },
        Object {
          "instance": null,
          "key": "0",
          "nodeType": "class",
          "props": Object {
            "Component": <div>
              test
            </div>,
            "activeColor": "#00c3ff",
            "className": undefined,
            "defaultColor": "#323c50",
            "hash": "",
            "icon": Array [],
            "id": "some_id",
            "label": "Label",
            "onHashChange": [Function],
            "textColor": "white",
          },
          "ref": null,
          "rendered": null,
          "type": [Function],
        },
        Object {
          "instance": null,
          "key": "1",
          "nodeType": "class",
          "props": Object {
            "Component": <div>
              The fuck
            </div>,
            "activeColor": "#00c3ff",
            "className": undefined,
            "defaultColor": "#323c50",
            "hash": "",
            "icon": Array [],
            "id": "slug",
            "label": "Test",
            "onHashChange": [Function],
            "textColor": "white",
          },
          "ref": null,
          "rendered": null,
          "type": [Function],
        },
      ],
      "type": "div",
    },
  ],
  Symbol(enzyme.__options__): Object {
    "adapter": ReactSixteenAdapter {
      "options": Object {
        "enableComponentDidUpdateOnSetState": true,
      },
    },
  },
}
`;
